[INFO] Scanning for projects...
[INFO] 
[INFO] -------------------------< com.revpay:RevPay >--------------------------
[INFO] Building RevPay 0.0.1-SNAPSHOT
[INFO]   from pom.xml
[INFO] --------------------------------[ jar ]---------------------------------
[INFO] 
[INFO] --- clean:3.5.0:clean (default-clean) @ RevPay ---
[INFO] Deleting d:\RevPay\Development\RevPay\target
[INFO] 
[INFO] --- resources:3.3.1:resources (default-resources) @ RevPay ---
[INFO] Copying 3 resources from src\main\resources to target\classes
[INFO] Copying 1 resource from src\main\resources to target\classes
[INFO] 
[INFO] --- kotlin:2.2.20:compile (compile) @ RevPay ---
[INFO] No sources to compile
[INFO] 
[INFO] --- compiler:3.14.1:compile (compile) @ RevPay ---
[INFO] Recompiling the module because of changed source code.
[INFO] Compiling 174 source files with javac [debug parameters release 17] to target\classes
[INFO] Annotation processing is enabled because one or more processors were found
  on the class path. A future release of javac may disable annotation processing
  unless at least one processor is specified by name (-processor), or a search
  path is specified (--processor-path, --processor-module-path), or annotation
  processing is enabled explicitly (-proc:only, -proc:full).
  Use -Xlint:-options to suppress this message.
  Use -proc:none to disable annotation processing.
[INFO] -------------------------------------------------------------
[WARNING] COMPILATION WARNING : 
[INFO] -------------------------------------------------------------
[WARNING] /d:/RevPay/Development/RevPay/src/main/java/com/revpay/model/InvoiceLineItem.java:[32,24] @Builder will ignore the initializing expression entirely. If you want the initializing expression to serve as default, add @Builder.Default. If it is not supposed to be settable during building, make the field final.
[WARNING] /d:/RevPay/Development/RevPay/src/main/java/com/revpay/model/PaymentMethod.java:[49,21] @Builder will ignore the initializing expression entirely. If you want the initializing expression to serve as default, add @Builder.Default. If it is not supposed to be settable during building, make the field final.
[WARNING] /d:/RevPay/Development/RevPay/src/main/java/com/revpay/model/PaymentMethod.java:[65,20] @Builder will ignore the initializing expression entirely. If you want the initializing expression to serve as default, add @Builder.Default. If it is not supposed to be settable during building, make the field final.
[WARNING] /d:/RevPay/Development/RevPay/src/main/java/com/revpay/model/Loan.java:[46,24] @Builder will ignore the initializing expression entirely. If you want the initializing expression to serve as default, add @Builder.Default. If it is not supposed to be settable during building, make the field final.
[WARNING] /d:/RevPay/Development/RevPay/src/main/java/com/revpay/model/NotificationPreference.java:[29,21] @Builder will ignore the initializing expression entirely. If you want the initializing expression to serve as default, add @Builder.Default. If it is not supposed to be settable during building, make the field final.
[INFO] 5 warnings 
[INFO] -------------------------------------------------------------
[INFO] -------------------------------------------------------------
[ERROR] COMPILATION ERROR : 
[INFO] -------------------------------------------------------------
[ERROR] /d:/RevPay/Development/RevPay/src/main/java/com/revpay/controller/TransactionController.java:[3,22] cannot find symbol
  symbol:   class ChatTransactionDTO
  location: package com.revpay.dto
[ERROR] /d:/RevPay/Development/RevPay/src/main/java/com/revpay/service/TransactionService.java:[3,22] cannot find symbol
  symbol:   class ChatTransactionDTO
  location: package com.revpay.dto
[ERROR] /d:/RevPay/Development/RevPay/src/main/java/com/revpay/controller/TransactionController.java:[210,52] cannot find symbol
  symbol:   class ChatTransactionDTO
  location: class com.revpay.controller.TransactionController
[ERROR] /d:/RevPay/Development/RevPay/src/main/java/com/revpay/service/TransactionService.java:[510,21] cannot find symbol
  symbol:   class ChatTransactionDTO
  location: class com.revpay.service.TransactionService
[INFO] 4 errors 
[INFO] -------------------------------------------------------------
[INFO] ------------------------------------------------------------------------
[INFO] BUILD FAILURE
[INFO] ------------------------------------------------------------------------
[INFO] Total time:  17.482 s
[INFO] Finished at: 2026-03-14T09:32:36+05:30
[INFO] ------------------------------------------------------------------------
[ERROR] Failed to execute goal org.apache.maven.plugins:maven-compiler-plugin:3.14.1:compile (compile) on project RevPay: Compilation failure: Compilation failure: 
[ERROR] /d:/RevPay/Development/RevPay/src/main/java/com/revpay/controller/TransactionController.java:[3,22] cannot find symbol
[ERROR]   symbol:   class ChatTransactionDTO
[ERROR]   location: package com.revpay.dto
[ERROR] /d:/RevPay/Development/RevPay/src/main/java/com/revpay/service/TransactionService.java:[3,22] cannot find symbol
[ERROR]   symbol:   class ChatTransactionDTO
[ERROR]   location: package com.revpay.dto
[ERROR] /d:/RevPay/Development/RevPay/src/main/java/com/revpay/controller/TransactionController.java:[210,52] cannot find symbol
[ERROR]   symbol:   class ChatTransactionDTO
[ERROR]   location: class com.revpay.controller.TransactionController
[ERROR] /d:/RevPay/Development/RevPay/src/main/java/com/revpay/service/TransactionService.java:[510,21] cannot find symbol
[ERROR]   symbol:   class ChatTransactionDTO
[ERROR]   location: class com.revpay.service.TransactionService
[ERROR] -> [Help 1]
[ERROR] 
[ERROR] To see the full stack trace of the errors, re-run Maven with the -e switch.
[ERROR] Re-run Maven using the -X switch to enable full debug logging.
[ERROR] 
[ERROR] For more information about the errors and possible solutions, please read the following articles:
[ERROR] [Help 1] http://cwiki.apache.org/confluence/display/MAVEN/MojoFailureException
